The ``` print_square using #``` module
======================================

Using ```print_square```
----------------------
This an example text file for the test case of pring square with
the ``print_sqaure`` from the ``print_squre.py`` module: 

>>> print_square = __import__("4-print_square").print_square

Now testing it:
>>> print_square(4)
####
####
####
####
>>> print_square(-1)
Traceback (most recent call last):
...
ValueError: size must be >= 0
>>> print_square(0)

>>> print_square(3.5)
Traceback (most recent call last):
...
TypeError: size must be an integer
>>> print_square("s")
Traceback (most recent call last):
...
TypeError: size must be an integer
